Inequalities:
-pAB00x0y0 <= 0
-pA0x0 -2pA0x1 -pB0y3 -pAB00x0y0 +pAB00x0y2 +pAB00x0y3 +pAB00x1y0 +pAB00x1y2 +pAB00x1y3 -pAB00x2y2 +pAB00x2y3 <= 0
-pA0x0 -pB0y2 +pAB00x0y2 +pAB00x0y3 +pAB00x1y2 -pAB00x1y3 <= 0
-7pA0x0 -2pA0x1 +2pA0x2 +2pB0y0 -2pB0y2 -pB0y3 -3pAB00x0y0 +4pAB00x0y1 +3pAB00x0y2 +5pAB00x0y3 +pAB00x1y0 -2pAB00x1y1 +3pAB00x1y2 +pAB00x1y3 -2pAB00x2y0 -2pAB00x2y1 -pAB00x2y2 +pAB00x2y3 -2pAB00x3y0 +2pAB00x3y1 +2pAB00x3y2 -4pAB00x3y3 <= 2
-5pA0x0 -2pA0x1 +4pA0x2 +2pB0y0 +2pB0y1 -pB0y3 -3pAB00x0y0 +2pAB00x0y1 +3pAB00x0y2 +3pAB00x0y3 +pAB00x1y0 -2pAB00x1y1 +3pAB00x1y2 +pAB00x1y3 -2pAB00x2y0 -2pAB00x2y1 -3pAB00x2y2 +pAB00x2y3 -2pAB00x3y0 +2pAB00x3y2 -2pAB00x3y3 <= 4
-4pA0x0 -6pA0x1 +pA0x3 -3pB0y1 +pB0y2 -2pB0y3 -5pAB00x0y0 +3pAB00x0y1 +2pAB00x0y2 +4pAB00x0y3 +4pAB00x1y0 +2pAB00x1y1 +2pAB00x1y2 +2pAB00x1y3 +pAB00x2y0 +pAB00x2y1 -3pAB00x2y2 +2pAB00x2y3 -pAB00x3y0 +2pAB00x3y1 -pAB00x3y2 -3pAB00x3y3 <= 1
-7pA0x0 -2pA0x1 +2pA0x2 +2pB0y0 -2pB0y2 -3pB0y3 -pAB00x0y0 +4pAB00x0y1 +3pAB00x0y2 +5pAB00x0y3 +pAB00x1y0 -2pAB00x1y1 +3pAB00x1y2 +pAB00x1y3 -2pAB00x2y0 -2pAB00x2y1 -pAB00x2y2 +3pAB00x2y3 -2pAB00x3y0 +2pAB00x3y1 +2pAB00x3y2 -4pAB00x3y3 <= 2
-4pA0x0 -4pA0x1 -pA0x2 -pA0x3 -2pB0y1 -pB0y3 -3pAB00x0y0 +2pAB00x0y1 +2pAB00x0y2 +3pAB00x0y3 +2pAB00x1y0 +pAB00x1y1 +2pAB00x1y2 +pAB00x1y3 +pAB00x2y0 +2pAB00x2y1 -2pAB00x2y2 +pAB00x2y3 -pAB00x3y0 +2pAB00x3y1 +pAB00x3y2 -2pAB00x3y3 <= 0
-4pA0x0 -2pA0x1 -2pA0x2 -pA0x3 -pB0y0 -pB0y1 -pB0y3 -pAB00x0y0 +2pAB00x0y1 +2pAB00x0y2 +2pAB00x0y3 +pAB00x1y0 -pAB00x1y1 +2pAB00x1y2 +pAB00x1y3 +pAB00x2y0 +pAB00x2y1 -2pAB00x2y2 +3pAB00x2y3 +pAB00x3y0 +2pAB00x3y1 -2pAB00x3y3 <= 0
-3pA0x0 -3pA0x1 -pA0x2 -2pB0y1 -pB0y3 -3pAB00x0y0 +2pAB00x0y1 +pAB00x0y2 +3pAB00x0y3 +2pAB00x1y0 +pAB00x1y1 +pAB00x1y2 +pAB00x1y3 +pAB00x2y0 +pAB00x2y1 -pAB00x2y2 +pAB00x2y3 -pAB00x3y0 +2pAB00x3y1 -2pAB00x3y3 <= 0
-4pA0x0 -2pA0x1 -3pA0x3 -pB0y0 -pB0y1 -pB0y3 -2pAB00x0y0 +2pAB00x0y1 +2pAB00x0y2 +2pAB00x0y3 +pAB00x1y0 -pAB00x1y1 +2pAB00x1y2 +pAB00x1y3 +pAB00x2y0 +pAB00x2y1 -2pAB00x2y2 +pAB00x2y3 +pAB00x3y0 +2pAB00x3y1 +2pAB00x3y2 -pAB00x3y3 <= 0
-6pA0x0 -3pA0x1 +4pA0x2 +2pB0y0 +2pB0y1 -pB0y3 -3pAB00x0y0 +3pAB00x0y1 +3pAB00x0y2 +3pAB00x0y3 +pAB00x1y0 -2pAB00x1y1 +3pAB00x1y2 +2pAB00x1y3 -2pAB00x2y0 -2pAB00x2y1 -3pAB00x2y2 +pAB00x2y3 -2pAB00x3y0 -pAB00x3y1 +3pAB00x3y2 -2pAB00x3y3 <= 4
-3pA0x0 -5pA0x1 +pA0x3 -3pB0y1 +pB0y2 -pB0y3 -4pAB00x0y0 +3pAB00x0y1 +pAB00x0y2 +3pAB00x0y3 +3pAB00x1y0 +2pAB00x1y1 +2pAB00x1y2 +pAB00x1y3 +pAB00x2y0 +pAB00x2y1 -2pAB00x2y2 +pAB00x2y3 -pAB00x3y0 +2pAB00x3y1 -pAB00x3y2 -3pAB00x3y3 <= 1
-6pA0x0 -2pA0x1 +2pA0x2 +2pB0y0 -2pB0y2 -3pB0y3 +4pAB00x0y1 +2pAB00x0y2 +4pAB00x0y3 +pAB00x1y0 -2pAB00x1y1 +3pAB00x1y2 +pAB00x1y3 -2pAB00x2y0 -2pAB00x2y1 -pAB00x2y2 +3pAB00x2y3 -2pAB00x3y0 +2pAB00x3y1 +2pAB00x3y2 -3pAB00x3y3 <= 2
-6pA0x0 -2pA0x1 +3pA0x2 +3pB0y0 -2pB0y2 -pB0y3 -3pAB00x0y0 +4pAB00x0y1 +3pAB00x0y2 +4pAB00x0y3 +pAB00x1y0 -2pAB00x1y1 +3pAB00x1y2 +pAB00x1y3 -3pAB00x2y0 -2pAB00x2y1 -pAB00x2y2 +pAB00x2y3 -2pAB00x3y0 +2pAB00x3y1 +2pAB00x3y2 -4pAB00x3y3 <= 3
-6pA0x0 -2pA0x1 -2pA0x2 -2pA0x3 -pB0y0 -pB0y1 -pB0y2 -pB0y3 -2pAB00x0y0 +3pAB00x0y1 +3pAB00x0y2 +3pAB00x0y3 +pAB00x1y0 -2pAB00x1y1 +3pAB00x1y2 +pAB00x1y3 +pAB00x2y0 +pAB00x2y1 -2pAB00x2y2 +3pAB00x2y3 +pAB00x3y0 +3pAB00x3y1 +pAB00x3y2 -2pAB00x3y3 <= 0
-6pA0x0 -2pA0x1 +4pA0x2 +pA0x3 +2pB0y0 +3pB0y1 -pB0y3 -3pAB00x0y0 +3pAB00x0y1 +3pAB00x0y2 +3pAB00x0y3 +pAB00x1y0 -3pAB00x1y1 +3pAB00x1y2 +2pAB00x1y3 -2pAB00x2y0 -2pAB00x2y1 -3pAB00x2y2 +pAB00x2y3 -2pAB00x3y0 -pAB00x3y1 +2pAB00x3y2 -2pAB00x3y3 <= 5
-3pA0x0 -4pA0x1 -pB0y0 -2pB0y1 -pB0y3 -3pAB00x0y0 +2pAB00x0y1 +2pAB00x0y2 +2pAB00x0y3 +3pAB00x1y0 +pAB00x1y1 +2pAB00x1y2 +pAB00x1y3 +pAB00x2y0 +pAB00x2y1 -2pAB00x2y2 +pAB00x2y3 +pAB00x3y1 -pAB00x3y3 <= 0
-6pA0x0 -2pA0x1 +3pA0x2 +3pB0y0 -2pB0y2 -3pB0y3 -pAB00x0y0 +4pAB00x0y1 +3pAB00x0y2 +4pAB00x0y3 +pAB00x1y0 -2pAB00x1y1 +3pAB00x1y2 +pAB00x1y3 -3pAB00x2y0 -2pAB00x2y1 -pAB00x2y2 +3pAB00x2y3 -2pAB00x3y0 +2pAB00x3y1 +2pAB00x3y2 -4pAB00x3y3 <= 3
-5pA0x0 -2pA0x1 +2pA0x2 +2pB0y0 -pB0y2 -pB0y3 -3pAB00x0y0 +3pAB00x0y1 +2pAB00x0y2 +4pAB00x0y3 +pAB00x1y0 -pAB00x1y1 +2pAB00x1y2 +pAB00x1y3 -2pAB00x2y0 -2pAB00x2y1 -pAB00x2y2 +pAB00x2y3 -2pAB00x3y0 +pAB00x3y1 +2pAB00x3y2 -3pAB00x3y3 <= 2
-5pA0x0 -2pA0x1 -2pA0x2 -pA0x3 -pB0y0 -2pB0y1 -pB0y3 -2pAB00x0y0 +3pAB00x0y1 +2pAB00x0y2 +3pAB00x0y3 +pAB00x1y0 -pAB00x1y1 +2pAB00x1y2 +pAB00x1y3 +pAB00x2y0 +pAB00x2y1 -2pAB00x2y2 +3pAB00x2y3 +pAB00x3y0 +3pAB00x3y1 -2pAB00x3y3 <= 0
-3pA0x0 -3pA0x1 -pA0x3 -pB0y0 -pB0y1 -pB0y3 -2pAB00x0y0 +pAB00x0y1 +2pAB00x0y2 +2pAB00x0y3 +2pAB00x1y0 +2pAB00x1y2 +pAB00x1y3 +pAB00x2y0 +pAB00x2y1 -2pAB00x2y2 +pAB00x2y3 +pAB00x3y1 +pAB00x3y2 -pAB00x3y3 <= 0
-pA0x1 -pB0y0 -pB0y2 -2pB0y3 -pAB00x0y0 -pAB00x0y1 +pAB00x0y2 +pAB00x0y3 +pAB00x1y0 +pAB00x1y1 +pAB00x1y2 +pAB00x1y3 +pAB00x2y0 -pAB00x2y1 -pAB00x2y2 +pAB00x2y3 <= 0
-5pA0x0 -pA0x1 +pA0x2 +pB0y0 -pB0y2 -2pB0y3 +3pAB00x0y1 +2pAB00x0y2 +3pAB00x0y3 -2pAB00x1y1 +2pAB00x1y2 +pAB00x1y3 -pAB00x2y0 -pAB00x2y1 -pAB00x2y2 +2pAB00x2y3 -pAB00x3y0 +pAB00x3y1 +pAB00x3y2 -2pAB00x3y3 <= 1
-5pA0x0 -2pA0x1 -2pA0x2 -pB0y0 -2pB0y1 +pB0y2 -pB0y3 -pAB00x0y0 +3pAB00x0y1 +2pAB00x0y2 +3pAB00x0y3 +pAB00x1y0 -pAB00x1y1 +2pAB00x1y2 +pAB00x1y3 +pAB00x2y0 +pAB00x2y1 -3pAB00x2y2 +4pAB00x2y3 +pAB00x3y0 +3pAB00x3y1 -pAB00x3y2 -3pAB00x3y3 <= 1
-3pA0x0 -3pA0x1 -2pB0y1 -pB0y3 -2pAB00x0y0 +2pAB00x0y1 +2pAB00x0y2 +2pAB00x0y3 +2pAB00x1y0 +pAB00x1y1 +pAB00x1y2 +pAB00x1y3 +pAB00x2y1 -2pAB00x2y2 +pAB00x2y3 +pAB00x3y1 -pAB00x3y3 <= 0
-4pA0x0 -2pA0x1 +pA0x2 +pB0y0 -2pB0y2 -pB0y3 -pAB00x0y0 +2pAB00x0y1 +2pAB00x0y2 +3pAB00x0y3 +pAB00x1y0 -pAB00x1y1 +2pAB00x1y2 +pAB00x1y3 -pAB00x2y0 -pAB00x2y1 +pAB00x2y3 -pAB00x3y0 +pAB00x3y1 +2pAB00x3y2 -3pAB00x3y3 <= 1
-4pA0x0 -2pA0x1 -pA0x2 -2pA0x3 -pB0y0 -pB0y1 -pB0y3 -2pAB00x0y0 +2pAB00x0y1 +2pAB00x0y2 +2pAB00x0y3 +pAB00x1y0 -pAB00x1y1 +2pAB00x1y2 +pAB00x1y3 +pAB00x2y0 +pAB00x2y1 -2pAB00x2y2 +2pAB00x2y3 +pAB00x3y0 +2pAB00x3y1 +pAB00x3y2 -pAB00x3y3 <= 0
-5pA0x0 -4pA0x1 -pA0x2 -3pB0y1 -pB0y2 -pB0y3 -4pAB00x0y0 +3pAB00x0y1 +3pAB00x0y2 +4pAB00x0y3 +3pAB00x1y0 +pAB00x1y1 +2pAB00x1y2 +pAB00x1y3 +pAB00x2y0 +2pAB00x2y1 -2pAB00x2y2 +pAB00x2y3 -pAB00x3y0 +2pAB00x3y1 +pAB00x3y2 -3pAB00x3y3 <= 0
-3pA0x0 -6pA0x1 -2pB0y0 -2pB0y1 -2pB0y3 -4pAB00x0y0 +2pAB00x0y1 +3pAB00x0y2 +2pAB00x0y3 +5pAB00x1y0 +pAB00x1y1 +3pAB00x1y2 +2pAB00x1y3 +pAB00x2y0 +pAB00x2y1 -3pAB00x2y2 +2pAB00x2y3 +pAB00x3y0 +pAB00x3y1 -pAB00x3y2 -2pAB00x3y3 <= 0
-2pA0x0 -4pA0x1 -pA0x2 -pA0x3 -2pB0y1 -pB0y3 -2pAB00x0y0 +pAB00x0y1 +pAB00x0y2 +2pAB00x0y3 +2pAB00x1y0 +pAB00x1y1 +2pAB00x1y2 +pAB00x1y3 +pAB00x2y0 +2pAB00x2y1 -2pAB00x2y2 +pAB00x2y3 -pAB00x3y0 +2pAB00x3y1 +pAB00x3y2 -pAB00x3y3 <= 0
-2pA0x0 -5pA0x1 +pA0x3 -3pB0y1 +pB0y2 -2pB0y3 -4pAB00x0y0 +2pAB00x0y1 +pAB00x0y2 +3pAB00x0y3 +3pAB00x1y0 +2pAB00x1y1 +2pAB00x1y2 +2pAB00x1y3 +pAB00x2y0 +pAB00x2y1 -3pAB00x2y2 +2pAB00x2y3 -pAB00x3y0 +2pAB00x3y1 -pAB00x3y2 -3pAB00x3y3 <= 1
-4pA0x0 -2pA0x1 +2pA0x2 +2pB0y0 -pB0y2 -2pB0y3 -pAB00x0y0 +2pAB00x0y1 +2pAB00x0y2 +3pAB00x0y3 +pAB00x1y0 -pAB00x1y1 +2pAB00x1y2 +pAB00x1y3 -2pAB00x2y0 -pAB00x2y1 -pAB00x2y2 +2pAB00x2y3 -2pAB00x3y0 +pAB00x3y1 +2pAB00x3y2 -3pAB00x3y3 <= 2
-4pA0x0 -2pA0x1 -3pA0x3 -pB0y0 -pB0y1 -pB0y3 -pAB00x0y0 +2pAB00x0y1 +2pAB00x0y2 +2pAB00x0y3 +pAB00x1y0 -pAB00x1y1 +2pAB00x1y2 +pAB00x1y3 +pAB00x2y0 +pAB00x2y1 -2pAB00x2y2 +pAB00x2y3 +pAB00x3y0 +2pAB00x3y1 +2pAB00x3y2 -2pAB00x3y3 <= 0
-5pA0x0 -pA0x1 +2pA0x2 +pB0y0 +pB0y1 -pB0y2 -pB0y3 -2pAB00x0y0 +3pAB00x0y1 +2pAB00x0y2 +3pAB00x0y3 +pAB00x1y0 -2pAB00x1y1 +2pAB00x1y2 +pAB00x1y3 -2pAB00x2y0 -2pAB00x2y1 -pAB00x2y2 +pAB00x2y3 -pAB00x3y0 +pAB00x3y1 +pAB00x3y2 -2pAB00x3y3 <= 2
-4pA0x0 -6pA0x1 -pA0x2 -pA0x3 -pB0y0 -3pB0y1 -2pB0y3 -4pAB00x0y0 +2pAB00x0y1 +2pAB00x0y2 +4pAB00x0y3 +4pAB00x1y0 +pAB00x1y1 +3pAB00x1y2 +2pAB00x1y3 +2pAB00x2y0 +2pAB00x2y1 -3pAB00x2y2 +2pAB00x2y3 -pAB00x3y0 +3pAB00x3y1 +pAB00x3y2 -2pAB00x3y3 <= 0
-3pA0x0 -5pA0x1 -pA0x3 -pB0y0 -2pB0y1 -pB0y3 -3pAB00x0y0 +2pAB00x0y1 +2pAB00x0y2 +2pAB00x0y3 +3pAB00x1y0 +pAB00x1y1 +2pAB00x1y2 +2pAB00x1y3 +pAB00x2y0 +pAB00x2y1 -2pAB00x2y2 +pAB00x2y3 +pAB00x3y0 +pAB00x3y1 +pAB00x3y2 -2pAB00x3y3 <= 0
-2pA0x0 -3pA0x1 -pA0x2 -2pB0y1 -pB0y3 -3pAB00x0y0 +2pAB00x0y1 +pAB00x0y2 +2pAB00x0y3 +2pAB00x1y0 +pAB00x1y1 +pAB00x1y2 +pAB00x1y3 +pAB00x2y0 +pAB00x2y1 -pAB00x2y2 +pAB00x2y3 +pAB00x3y1 -pAB00x3y3 <= 0
-4pA0x0 +pA0x2 +pB0y0 -pB0y2 -2pB0y3 +2pAB00x0y1 +2pAB00x0y2 +3pAB00x0y3 -pAB00x1y1 +pAB00x1y2 -pAB00x2y0 -pAB00x2y1 -pAB00x2y2 +2pAB00x2y3 -pAB00x3y0 +pAB00x3y1 +pAB00x3y2 -2pAB00x3y3 <= 1
-3pA0x0 -2pA0x1 -2pA0x2 -2pA0x3 -pB0y0 -pB0y1 -pB0y3 -pAB00x0y0 +2pAB00x0y1 +2pAB00x0y2 +pAB00x0y3 +pAB00x1y0 -pAB00x1y1 +2pAB00x1y2 +pAB00x1y3 +pAB00x2y0 +pAB00x2y1 -2pAB00x2y2 +3pAB00x2y3 +2pAB00x3y0 +2pAB00x3y1 -2pAB00x3y3 <= 0
-3pA0x0 -5pA0x1 -pB0y0 -2pB0y1 -2pB0y3 -3pAB00x0y0 +2pAB00x0y1 +3pAB00x0y2 +2pAB00x0y3 +4pAB00x1y0 +pAB00x1y1 +2pAB00x1y2 +2pAB00x1y3 +pAB00x2y1 -3pAB00x2y2 +2pAB00x2y3 +pAB00x3y0 +pAB00x3y1 -pAB00x3y2 -2pAB00x3y3 <= 0
-2pA0x0 -3pA0x1 +pA0x3 -2pB0y1 +pB0y2 -pB0y3 -3pAB00x0y0 +2pAB00x0y1 +pAB00x0y2 +2pAB00x0y3 +2pAB00x1y0 +pAB00x1y1 +pAB00x1y2 +pAB00x1y3 +pAB00x2y0 +pAB00x2y1 -2pAB00x2y2 +pAB00x2y3 -pAB00x3y0 +pAB00x3y1 -pAB00x3y2 -2pAB00x3y3 <= 1
-3pA0x0 -2pA0x1 +2pA0x2 +2pB0y0 -2pB0y2 -pB0y3 -pAB00x0y0 +2pAB00x0y1 +pAB00x0y2 +3pAB00x0y3 +pAB00x1y0 -2pAB00x1y1 +3pAB00x1y2 +pAB00x1y3 -2pAB00x2y0 -2pAB00x2y1 -pAB00x2y2 +pAB00x2y3 -2pAB00x3y0 +2pAB00x3y1 +2pAB00x3y2 -2pAB00x3y3 <= 2
-3pA0x0 -2pA0x1 -2pA0x2 -pA0x3 -2pB0y0 -pB0y1 -pB0y3 -pAB00x0y0 +2pAB00x0y1 +2pAB00x0y2 +pAB00x0y3 +2pAB00x1y0 -pAB00x1y1 +2pAB00x1y2 +pAB00x1y3 +pAB00x2y0 +pAB00x2y1 -2pAB00x2y2 +3pAB00x2y3 +2pAB00x3y0 +2pAB00x3y1 -pAB00x3y2 -2pAB00x3y3 <= 0
-4pA0x0 -2pA0x1 +3pA0x2 +2pB0y0 +pB0y1 -pB0y3 -3pAB00x0y0 +2pAB00x0y1 +2pAB00x0y2 +3pAB00x0y3 +pAB00x1y0 -pAB00x1y1 +2pAB00x1y2 +pAB00x1y3 -2pAB00x2y0 -2pAB00x2y1 -2pAB00x2y2 +pAB00x2y3 -2pAB00x3y0 +2pAB00x3y2 -2pAB00x3y3 <= 3
-2pA0x0 -3pA0x1 -pA0x3 -pB0y1 -pAB00x0y0 +pAB00x0y1 +pAB00x0y2 +pAB00x0y3 +pAB00x1y0 +pAB00x1y1 +pAB00x1y2 +pAB00x1y3 +pAB00x2y1 -pAB00x2y2 +pAB00x3y1 +pAB00x3y2 -pAB00x3y3 <= 0
-3pA0x0 -4pA0x1 -3pA0x2 -3pA0x3 -pB0y0 -2pB0y1 -2pB0y3 -2pAB00x0y0 +2pAB00x0y1 +3pAB00x0y2 +pAB00x0y3 +2pAB00x1y0 -pAB00x1y1 +3pAB00x1y2 +2pAB00x1y3 +pAB00x2y0 +2pAB00x2y1 -3pAB00x2y2 +5pAB00x2y3 +3pAB00x3y0 +3pAB00x3y1 -3pAB00x3y3 <= 0
-2pA0x0 -3pA0x1 +pA0x3 -pB0y1 +pB0y2 -2pB0y3 -3pAB00x0y0 +pAB00x0y1 +pAB00x0y2 +3pAB00x0y3 +2pAB00x1y0 +pAB00x1y1 +pAB00x1y2 +pAB00x1y3 +pAB00x2y0 -2pAB00x2y2 +2pAB00x2y3 -pAB00x3y0 +pAB00x3y1 -pAB00x3y2 -2pAB00x3y3 <= 1
-3pA0x0 -2pA0x1 -pA0x2 -pA0x3 -pB0y0 -2pB0y3 -pAB00x0y0 +pAB00x0y1 +2pAB00x0y2 +2pAB00x0y3 +pAB00x1y0 -pAB00x1y1 +2pAB00x1y2 +pAB00x1y3 +pAB00x2y0 -2pAB00x2y2 +3pAB00x2y3 +pAB00x3y0 +pAB00x3y1 -pAB00x3y3 <= 0
-3pA0x0 -pA0x1 +pA0x2 +pB0y0 -2pB0y2 -pB0y3 -pAB00x0y0 +2pAB00x0y1 +2pAB00x0y2 +2pAB00x0y3 +pAB00x1y0 -pAB00x1y1 +2pAB00x1y2 -pAB00x2y0 -pAB00x2y1 +pAB00x2y3 -pAB00x3y0 +pAB00x3y1 +pAB00x3y2 -2pAB00x3y3 <= 1
-2pA0x0 -2pA0x1 -pA0x2 -pA0x3 -pB0y1 -pB0y3 -2pAB00x0y0 +pAB00x0y1 +pAB00x0y2 +2pAB00x0y3 +pAB00x1y0 +pAB00x1y2 +pAB00x1y3 +pAB00x2y0 +pAB00x2y1 -pAB00x2y2 +pAB00x2y3 +pAB00x3y1 +pAB00x3y2 -pAB00x3y3 <= 0
-pA0x0 -3pA0x1 -2pB0y1 -pB0y3 -2pAB00x0y0 +pAB00x0y1 +pAB00x0y2 +pAB00x0y3 +2pAB00x1y0 +pAB00x1y1 +pAB00x1y2 +pAB00x1y3 +pAB00x2y1 -pAB00x2y2 +pAB00x2y3 +pAB00x3y1 -pAB00x3y3 <= 0
-3pA0x0 -pA0x1 -2pA0x2 -pA0x3 -pB0y0 -pB0y1 -pB0y2 -pAB00x0y0 +2pAB00x0y1 +2pAB00x0y2 +pAB00x0y3 +pAB00x1y0 -pAB00x1y1 +2pAB00x1y2 +pAB00x2y0 +pAB00x2y1 -pAB00x2y2 +2pAB00x2y3 +pAB00x3y0 +2pAB00x3y1 -2pAB00x3y3 <= 0
-3pA0x0 -pA0x1 +pA0x2 +pB0y0 -pB0y2 -2pB0y3 -pAB00x0y0 +2pAB00x0y1 +pAB00x0y2 +3pAB00x0y3 +pAB00x1y0 -pAB00x1y1 +pAB00x1y2 +pAB00x1y3 -pAB00x2y0 -pAB00x2y1 +pAB00x2y3 -pAB00x3y0 +pAB00x3y1 +pAB00x3y2 -2pAB00x3y3 <= 1
-3pA0x0 -pA0x1 +pA0x2 +pB0y0 -pB0y2 -2pB0y3 +2pAB00x0y1 +pAB00x0y2 +2pAB00x0y3 -pAB00x1y1 +2pAB00x1y2 +pAB00x1y3 -pAB00x2y0 -pAB00x2y1 -pAB00x2y2 +2pAB00x2y3 -pAB00x3y0 +pAB00x3y1 +pAB00x3y2 -2pAB00x3y3 <= 1
-3pA0x0 -5pA0x1 -2pA0x2 -pA0x3 -3pB0y1 -2pB0y3 -4pAB00x0y0 +2pAB00x0y1 +pAB00x0y2 +4pAB00x0y3 +3pAB00x1y0 +pAB00x1y1 +2pAB00x1y2 +2pAB00x1y3 +2pAB00x2y0 +2pAB00x2y1 -2pAB00x2y2 +2pAB00x2y3 -pAB00x3y0 +3pAB00x3y1 +pAB00x3y2 -2pAB00x3y3 <= 0
-pA0x0 -3pA0x1 +pA0x3 -pB0y1 +pB0y2 -pB0y3 -2pAB00x0y0 +pAB00x0y1 +2pAB00x0y3 +2pAB00x1y0 +pAB00x1y1 +pAB00x1y2 +pAB00x1y3 +pAB00x2y0 -2pAB00x2y2 +pAB00x2y3 -pAB00x3y0 +pAB00x3y1 -pAB00x3y2 -2pAB00x3y3 <= 1
-2pA0x0 -2pA0x1 -pA0x2 -pA0x3 -pB0y0 -pB0y3 +pAB00x0y1 +pAB00x0y2 +pAB00x0y3 +pAB00x1y0 -pAB00x1y1 +2pAB00x1y2 +pAB00x1y3 +pAB00x2y0 -2pAB00x2y2 +2pAB00x2y3 +pAB00x3y0 +pAB00x3y1 -pAB00x3y3 <= 0
-4pA0x0 -pA0x1 +3pA0x2 +pB0y0 +2pB0y1 -pB0y3 -2pAB00x0y0 +2pAB00x0y1 +2pAB00x0y2 +2pAB00x0y3 +pAB00x1y0 -2pAB00x1y1 +2pAB00x1y2 +pAB00x1y3 -2pAB00x2y0 -2pAB00x2y1 -2pAB00x2y2 +pAB00x2y3 -pAB00x3y0 +pAB00x3y2 -pAB00x3y3 <= 3
-3pA0x0 -5pA0x1 -pA0x2 +pA0x3 -3pB0y1 +pB0y2 -pB0y3 -4pAB00x0y0 +3pAB00x0y1 +4pAB00x0y3 +3pAB00x1y0 +2pAB00x1y1 +2pAB00x1y2 +pAB00x1y3 +2pAB00x2y0 +pAB00x2y1 -2pAB00x2y2 +pAB00x2y3 -2pAB00x3y0 +3pAB00x3y1 -pAB00x3y2 -4pAB00x3y3 <= 1
-2pA0x0 -pA0x1 -2pA0x2 -pA0x3 -pB0y0 -pB0y3 -pAB00x0y0 +pAB00x0y1 +pAB00x0y2 +pAB00x0y3 +pAB00x1y0 -pAB00x1y1 +pAB00x1y2 +pAB00x1y3 +pAB00x2y0 +pAB00x2y1 -pAB00x2y2 +2pAB00x2y3 +pAB00x3y0 +pAB00x3y1 -pAB00x3y3 <= 0
-pA0x0 -2pA0x1 -pA0x2 -pB0y1 -pAB00x0y0 +pAB00x0y1 +pAB00x0y3 +pAB00x1y0 +pAB00x1y1 +pAB00x1y2 +pAB00x2y0 +pAB00x2y1 -pAB00x2y2 -pAB00x3y0 +pAB00x3y1 -pAB00x3y3 <= 0
-2pA0x0 -pA0x1 -2pA0x2 -pB0y0 -2pB0y1 -pAB00x0y0 +2pAB00x0y1 +pAB00x0y2 +pAB00x0y3 +pAB00x1y0 +pAB00x1y2 +pAB00x2y0 +pAB00x2y1 -pAB00x2y2 +2pAB00x2y3 +pAB00x3y0 +2pAB00x3y1 -pAB00x3y2 -2pAB00x3y3 <= 0
-3pA0x0 -4pA0x1 -2pA0x2 -3pB0y1 -pB0y2 -pB0y3 -3pAB00x0y0 +2pAB00x0y1 +pAB00x0y2 +4pAB00x0y3 +3pAB00x1y0 +pAB00x1y1 +2pAB00x1y2 +pAB00x1y3 +2pAB00x2y0 +2pAB00x2y1 -2pAB00x2y2 +pAB00x2y3 -2pAB00x3y0 +3pAB00x3y1 +pAB00x3y2 -3pAB00x3y3 <= 0
-3pA0x0 -pA0x1 +pA0x2 +pB0y0 -pB0y2 -pB0y3 -pAB00x0y0 +2pAB00x0y1 +pAB00x0y2 +2pAB00x0y3 -pAB00x1y1 +2pAB00x1y2 +pAB00x1y3 -pAB00x2y0 -pAB00x2y1 -pAB00x2y2 +pAB00x2y3 -pAB00x3y0 +pAB00x3y1 +pAB00x3y2 -2pAB00x3y3 <= 1
-3pA0x0 -4pA0x1 +pA0x2 -2pB0y1 +pB0y2 -2pB0y3 -3pAB00x0y0 +2pAB00x0y1 +3pAB00x0y2 +2pAB00x0y3 +3pAB00x1y0 +pAB00x1y1 +pAB00x1y2 +2pAB00x1y3 -pAB00x2y0 +pAB00x2y1 -4pAB00x2y2 +2pAB00x2y3 +pAB00x3y0 +pAB00x3y1 -pAB00x3y2 -2pAB00x3y3 <= 1
-3pA0x0 -4pA0x1 -pA0x2 -3pB0y1 -pB0y2 -pB0y3 -3pAB00x0y0 +2pAB00x0y1 +2pAB00x0y2 +3pAB00x0y3 +3pAB00x1y0 +pAB00x1y1 +2pAB00x1y2 +pAB00x1y3 +pAB00x2y0 +2pAB00x2y1 -2pAB00x2y2 +pAB00x2y3 -pAB00x3y0 +2pAB00x3y1 +pAB00x3y2 -2pAB00x3y3 <= 0
-3pA0x0 -3pA0x1 -3pA0x2 -pA0x3 -2pB0y0 -pB0y1 -3pB0y3 -2pAB00x0y0 +pAB00x0y1 +3pAB00x0y2 +2pAB00x0y3 +2pAB00x1y0 -pAB00x1y1 +3pAB00x1y2 +pAB00x1y3 +2pAB00x2y0 +pAB00x2y1 -3pAB00x2y2 +6pAB00x2y3 +2pAB00x3y0 +2pAB00x3y1 -pAB00x3y2 -3pAB00x3y3 <= 0
-2pA0x0 -pA0x1 -pA0x3 -pB0y0 -pB0y3 +pAB00x0y1 +pAB00x0y2 +pAB00x0y3 +pAB00x1y0 -pAB00x1y1 +pAB00x1y2 +pAB00x1y3 -pAB00x2y2 +pAB00x2y3 +pAB00x3y0 +pAB00x3y1 -pAB00x3y3 <= 0
-4pA0x0 -2pA0x1 -pA0x2 -2pA0x3 -pB0y0 -pB0y1 -pB0y2 -2pAB00x0y0 +2pAB00x0y1 +2pAB00x0y2 +2pAB00x0y3 +pAB00x1y0 -pAB00x1y1 +2pAB00x1y2 +pAB00x1y3 +pAB00x2y0 +pAB00x2y1 -pAB00x2y2 +pAB00x2y3 +pAB00x3y0 +2pAB00x3y1 +2pAB00x3y2 -2pAB00x3y3 <= 0
-4pA0x0 -2pA0x1 +3pA0x2 +pB0y0 +2pB0y1 -pB0y3 -2pAB00x0y0 +2pAB00x0y1 +2pAB00x0y2 +2pAB00x0y3 +pAB00x1y0 -2pAB00x1y1 +2pAB00x1y2 +2pAB00x1y3 -2pAB00x2y0 -2pAB00x2y1 -2pAB00x2y2 +pAB00x2y3 -pAB00x3y0 -pAB00x3y1 +2pAB00x3y2 -2pAB00x3y3 <= 3
-3pA0x0 -3pA0x1 -pA0x2 -pA0x3 -3pB0y1 -pB0y3 -2pAB00x0y0 +2pAB00x0y1 +pAB00x0y2 +3pAB00x0y3 +2pAB00x1y0 +pAB00x1y1 +pAB00x1y2 +pAB00x1y3 +pAB00x2y0 +2pAB00x2y1 -2pAB00x2y2 +pAB00x2y3 -pAB00x3y0 +3pAB00x3y1 +pAB00x3y2 -2pAB00x3y3 <= 0
-3pA0x0 -3pA0x1 -pA0x2 -2pB0y1 -pB0y3 -2pAB00x0y0 +2pAB00x0y1 +pAB00x0y2 +3pAB00x0y3 +2pAB00x1y0 +pAB00x1y1 +pAB00x1y2 +pAB00x1y3 +pAB00x2y0 +pAB00x2y1 -2pAB00x2y2 +pAB00x2y3 -pAB00x3y0 +2pAB00x3y1 -2pAB00x3y3 <= 0
-3pA0x0 -pA0x1 +2pA0x2 +pA0x3 +pB0y0 +2pB0y1 -pB0y3 -2pAB00x0y0 +pAB00x0y1 +2pAB00x0y2 +2pAB00x0y3 +pAB00x1y0 -2pAB00x1y1 +2pAB00x1y2 +pAB00x1y3 -pAB00x2y0 -pAB00x2y1 -2pAB00x2y2 +pAB00x2y3 -2pAB00x3y0 -pAB00x3y1 +pAB00x3y2 -2pAB00x3y3 <= 3
-3pA0x0 +pA0x3 -pB0y0 -pB0y1 -pB0y2 +pB0y3 -pAB00x0y0 +2pAB00x0y1 +2pAB00x0y2 +pAB00x0y3 +pAB00x1y0 -pAB00x1y1 +2pAB00x1y2 -pAB00x1y3 +pAB00x2y0 +2pAB00x2y1 -pAB00x2y2 -pAB00x2y3 -pAB00x3y0 -pAB00x3y1 -pAB00x3y2 -pAB00x3y3 <= 1
-3pA0x0 -3pA0x1 +pA0x3 +pB0y1 -pB0y2 -3pB0y3 -3pAB00x0y0 +pAB00x0y1 +3pAB00x0y2 +3pAB00x0y3 +2pAB00x1y0 -pAB00x1y1 +3pAB00x1y2 +pAB00x1y3 +pAB00x2y0 -pAB00x2y1 -2pAB00x2y2 +3pAB00x2y3 -2pAB00x3y0 -2pAB00x3y1 +pAB00x3y2 -2pAB00x3y3 <= 1
-3pA0x0 -3pA0x1 +pA0x3 +pB0y1 -pB0y2 -2pB0y3 -2pAB00x0y0 +pAB00x0y1 +3pAB00x0y2 +2pAB00x0y3 +2pAB00x1y0 -pAB00x1y1 +3pAB00x1y2 +pAB00x1y3 -pAB00x2y1 -2pAB00x2y2 +3pAB00x2y3 -2pAB00x3y0 -2pAB00x3y1 +pAB00x3y2 -2pAB00x3y3 <= 1
-2pA0x0 +pAB00x0y1 +pAB00x0y2 +pAB00x0y3 -pAB00x1y1 +pAB00x1y2 -pAB00x2y2 +pAB00x2y3 +pAB00x3y1 -pAB00x3y3 <= 1
-2pA0x0 -pA0x1 +2pA0x2 +pB0y0 +pB0y1 -pAB00x0y0 +pAB00x0y1 +pAB00x0y2 +pAB00x0y3 -pAB00x1y1 +pAB00x1y2 +pAB00x1y3 -pAB00x2y0 -pAB00x2y1 -pAB00x2y2 -pAB00x3y0 +pAB00x3y2 -pAB00x3y3 <= 2
-3pA0x0 -2pA0x1 -pA0x2 +pA0x3 -2pB0y1 +pB0y2 -2pAB00x0y0 +2pAB00x0y1 +pAB00x0y2 +2pAB00x0y3 +pAB00x1y0 +pAB00x1y1 +pAB00x1y2 +pAB00x2y0 +pAB00x2y1 -pAB00x2y2 +pAB00x2y3 -pAB00x3y0 +2pAB00x3y1 -pAB00x3y2 -2pAB00x3y3 <= 1
-2pA0x0 -5pA0x1 -pA0x2 -pA0x3 -3pB0y1 -2pB0y3 -3pAB00x0y0 +pAB00x0y1 +pAB00x0y2 +3pAB00x0y3 +3pAB00x1y0 +pAB00x1y1 +2pAB00x1y2 +2pAB00x1y3 +pAB00x2y0 +2pAB00x2y1 -2pAB00x2y2 +2pAB00x2y3 -pAB00x3y0 +3pAB00x3y1 +pAB00x3y2 -2pAB00x3y3 <= 0
-2pA0x0 -pA0x1 -pA0x2 -pB0y0 -pB0y1 -pAB00x0y0 +pAB00x0y1 +pAB00x0y2 +pAB00x0y3 +pAB00x1y0 +pAB00x1y1 +pAB00x1y2 -pAB00x1y3 +pAB00x2y0 +pAB00x2y1 -pAB00x2y2 +pAB00x2y3 +pAB00x3y0 -pAB00x3y1 -pAB00x3y2 -pAB00x3y3 <= 0
-2pA0x0 -pA0x1 -pB0y0 -pB0y1 +pAB00x0y1 +pAB00x0y2 +pAB00x0y3 +pAB00x1y0 +pAB00x1y1 +pAB00x1y2 -pAB00x1y3 +pAB00x2y1 -pAB00x2y2 +pAB00x3y0 -pAB00x3y1 -pAB00x3y2 <= 0
-3pA0x0 -2pA0x1 +2pA0x2 +pA0x3 +2pB0y0 +pB0y1 -pB0y3 -2pAB00x0y0 +2pAB00x0y1 +pAB00x0y2 +2pAB00x0y3 -pAB00x1y1 +2pAB00x1y2 +2pAB00x1y3 -pAB00x2y0 -pAB00x2y1 -2pAB00x2y2 +pAB00x2y3 -2pAB00x3y0 -pAB00x3y1 +2pAB00x3y2 -2pAB00x3y3 <= 3
-3pA0x0 -2pA0x1 +pA0x2 -pB0y0 +pB0y2 -2pB0y3 -pAB00x0y0 +2pAB00x0y1 +pAB00x0y2 +2pAB00x0y3 +2pAB00x1y0 -pAB00x1y1 +pAB00x1y2 +2pAB00x1y3 -pAB00x2y0 -pAB00x2y1 -2pAB00x2y2 +2pAB00x2y3 +pAB00x3y0 +pAB00x3y1 -pAB00x3y2 -pAB00x3y3 <= 1
-2pA0x0 -pA0x1 +pA0x3 -pB0y0 +pB0y1 -pB0y2 -pAB00x0y0 +pAB00x0y1 +pAB00x0y2 +pAB00x0y3 +pAB00x1y0 +pAB00x1y1 +pAB00x1y2 -pAB00x1y3 +pAB00x2y0 -2pAB00x2y1 +pAB00x2y2 +pAB00x2y3 -pAB00x3y1 -pAB00x3y2 -pAB00x3y3 <= 1
-3pA0x0 -2pA0x1 +2pA0x2 -pB0y0 +2pB0y2 -2pB0y3 -pAB00x0y0 +2pAB00x0y1 +pAB00x0y2 +2pAB00x0y3 +2pAB00x1y0 -pAB00x1y1 +pAB00x1y2 +2pAB00x1y3 -pAB00x2y0 -pAB00x2y1 -3pAB00x2y2 +2pAB00x2y3 +2pAB00x3y0 +pAB00x3y1 -2pAB00x3y2 -2pAB00x3y3 <= 2
-3pA0x0 -pA0x1 -pA0x2 -pA0x3 -pB0y2 -pB0y3 -pAB00x0y0 +pAB00x0y1 +2pAB00x0y2 +2pAB00x0y3 +pAB00x1y0 -pAB00x1y1 +pAB00x1y2 +pAB00x1y3 +pAB00x2y1 -pAB00x2y2 +pAB00x2y3 +pAB00x3y1 +pAB00x3y2 -pAB00x3y3 <= 0
-2pA0x0 -8pA0x1 +pA0x3 -4pB0y1 +pB0y2 -3pB0y3 -5pAB00x0y0 +2pAB00x0y1 +2pAB00x0y2 +3pAB00x0y3 +4pAB00x1y0 +3pAB00x1y1 +4pAB00x1y2 +3pAB00x1y3 +pAB00x2y0 +2pAB00x2y1 -5pAB00x2y2 +3pAB00x2y3 -pAB00x3y0 +2pAB00x3y1 -pAB00x3y2 -3pAB00x3y3 <= 1
-2pA0x0 -7pA0x1 +pA0x2 +pB0y1 -2pB0y2 -4pB0y3 -4pAB00x0y0 +pAB00x0y1 +3pAB00x0y2 +2pAB00x0y3 +4pAB00x1y0 +2pAB00x1y1 +3pAB00x1y2 +4pAB00x1y3 -pAB00x2y0 -4pAB00x2y1 -pAB00x2y2 +4pAB00x2y3 +pAB00x3y0 -3pAB00x3y1 +2pAB00x3y2 -3pAB00x3y3 <= 1
-2pA0x0 -7pA0x1 +pA0x2 +pB0y1 -2pB0y2 -3pB0y3 -4pAB00x0y0 +pAB00x0y1 +3pAB00x0y2 +2pAB00x0y3 +4pAB00x1y0 +pAB00x1y1 +3pAB00x1y2 +4pAB00x1y3 -pAB00x2y0 -3pAB00x2y1 -pAB00x2y2 +3pAB00x2y3 +pAB00x3y0 -2pAB00x3y1 +2pAB00x3y2 -3pAB00x3y3 <= 1
-2pA0x0 -6pA0x1 -3pA0x2 -3pB0y1 -2pB0y3 -3pAB00x0y0 +pAB00x0y1 +2pAB00x0y2 +2pAB00x0y3 +2pAB00x1y0 +2pAB00x1y1 +4pAB00x1y2 +2pAB00x1y3 +pAB00x2y0 +3pAB00x2y1 -4pAB00x2y2 +4pAB00x2y3 -pAB00x3y0 +3pAB00x3y1 -pAB00x3y2 -3pAB00x3y3 <= 0
-2pA0x0 +pA0x3 -3pB0y1 -pB0y2 +pB0y3 -pAB00x0y0 +2pAB00x0y1 +pAB00x0y2 +2pAB00x0y3 +pAB00x1y1 +2pAB00x1y2 -2pAB00x1y3 +pAB00x2y0 +2pAB00x2y1 -pAB00x2y2 -pAB00x2y3 -pAB00x3y0 -pAB00x3y2 -pAB00x3y3 <= 1
-2pA0x0 -pA0x1 +pA0x2 +pA0x3 +pB0y0 +pB0y1 -pAB00x0y0 +pAB00x0y1 +pAB00x0y2 +pAB00x0y3 -pAB00x1y1 +pAB00x1y2 +pAB00x1y3 -pAB00x2y0 -pAB00x2y1 -pAB00x2y2 +pAB00x2y3 -pAB00x3y0 -pAB00x3y1 +pAB00x3y2 -2pAB00x3y3 <= 2
-2pA0x0 -6pA0x1 +pA0x2 -2pB0y1 +pB0y2 -3pB0y3 -3pAB00x0y0 +2pAB00x0y1 +2pAB00x0y2 +pAB00x0y3 +4pAB00x1y0 +pAB00x1y1 +2pAB00x1y2 +3pAB00x1y3 -pAB00x2y0 +pAB00x2y1 -3pAB00x2y2 +3pAB00x2y3 +pAB00x3y0 +pAB00x3y1 -pAB00x3y2 -2pAB00x3y3 <= 1
-2pA0x0 +pA0x3 -pB0y1 +pB0y3 +pAB00x0y1 +pAB00x0y2 +pAB00x0y3 +pAB00x1y2 -pAB00x1y3 +2pAB00x2y1 -pAB00x2y2 -pAB00x2y3 -pAB00x3y1 -pAB00x3y2 -pAB00x3y3 <= 1
-2pA0x0 -5pA0x1 -2pA0x2 -pB0y0 -3pB0y1 -2pB0y3 -3pAB00x0y0 +2pAB00x0y1 +2pAB00x0y2 +2pAB00x0y3 +3pAB00x1y0 +pAB00x1y1 +3pAB00x1y2 +2pAB00x1y3 +pAB00x2y0 +pAB00x2y1 -3pAB00x2y2 +4pAB00x2y3 +pAB00x3y0 +3pAB00x3y1 -2pAB00x3y2 -3pAB00x3y3 <= 0
-2pA0x0 -5pA0x1 -pB0y0 -2pB0y1 -2pB0y3 -3pAB00x0y0 +2pAB00x0y1 +2pAB00x0y2 +pAB00x0y3 +4pAB00x1y0 +pAB00x1y1 +2pAB00x1y2 +2pAB00x1y3 +pAB00x2y1 -2pAB00x2y2 +2pAB00x2y3 +pAB00x3y0 +pAB00x3y1 -pAB00x3y2 -2pAB00x3y3 <= 0
-2pA0x0 -2pA0x1 -3pA0x3 -pB0y0 -3pB0y1 -pB0y3 -2pAB00x0y0 +2pAB00x0y1 +2pAB00x0y3 +pAB00x1y0 -pAB00x1y1 +2pAB00x1y2 +pAB00x1y3 +pAB00x2y0 +pAB00x2y1 -2pAB00x2y2 +pAB00x2y3 +pAB00x3y0 +4pAB00x3y1 +2pAB00x3y2 -pAB00x3y3 <= 0
-8pA0x0 -4pA0x1 +2pA0x2 +2pB0y0 -4pB0y2 -5pB0y3 +2pAB00x0y0 +6pAB00x0y1 +2pAB00x0y2 +4pAB00x0y3 +3pAB00x1y0 -4pAB00x1y1 +5pAB00x1y2 +3pAB00x1y3 -4pAB00x2y0 -2pAB00x2y1 -pAB00x2y2 +5pAB00x2y3 -4pAB00x3y0 +2pAB00x3y1 +4pAB00x3y2 -3pAB00x3y3 <= 2
-3pA0x0 -6pA0x1 -pB0y0 -3pB0y1 -pB0y3 -4pAB00x0y0 +3pAB00x0y1 +2pAB00x0y2 +2pAB00x0y3 +4pAB00x1y0 +2pAB00x1y1 +3pAB00x1y2 +pAB00x1y3 +pAB00x2y0 +pAB00x2y1 -2pAB00x2y2 +pAB00x2y3 +2pAB00x3y1 -pAB00x3y2 -2pAB00x3y3 <= 0
-3pA0x0 -4pA0x1 +2pA0x3 -3pB0y1 +2pB0y2 -3pAB00x0y0 +3pAB00x0y1 +3pAB00x0y3 +2pAB00x1y0 +2pAB00x1y1 +2pAB00x1y2 +pAB00x2y0 +pAB00x2y1 -2pAB00x2y2 +pAB00x2y3 -pAB00x3y0 +2pAB00x3y1 -2pAB00x3y2 -4pAB00x3y3 <= 2
-2pA0x0 -4pA0x1 -2pA0x2 -pB0y0 -2pB0y1 -pB0y3 -2pAB00x0y0 +pAB00x0y1 +2pAB00x0y2 +pAB00x0y3 +2pAB00x1y0 +pAB00x1y1 +3pAB00x1y2 +pAB00x1y3 +pAB00x2y0 +2pAB00x2y1 -3pAB00x2y2 +3pAB00x2y3 +2pAB00x3y1 -pAB00x3y2 -2pAB00x3y3 <= 0
-4pA0x0 -2pA0x1 +2pA0x2 +2pB0y0 -2pB0y2 -2pB0y3 +3pAB00x0y1 +pAB00x0y2 +3pAB00x0y3 +pAB00x1y0 -2pAB00x1y1 +3pAB00x1y2 +pAB00x1y3 -2pAB00x2y0 -2pAB00x2y1 -pAB00x2y2 +2pAB00x2y3 -2pAB00x3y0 +2pAB00x3y1 +2pAB00x3y2 -2pAB00x3y3 <= 2
-2pA0x0 -pA0x1 -pA0x2 -2pA0x3 -pB0y0 -pB0y3 -pAB00x0y0 +pAB00x0y1 +pAB00x0y2 +pAB00x0y3 +pAB00x1y0 -pAB00x1y1 +pAB00x1y2 +pAB00x1y3 +pAB00x2y0 +pAB00x2y1 -pAB00x2y2 +pAB00x2y3 +pAB00x3y0 +pAB00x3y1 +pAB00x3y2 -pAB00x3y3 <= 0
-2pA0x0 -5pA0x1 -pA0x2 -3pB0y1 -pB0y3 -4pAB00x0y0 +3pAB00x0y1 +pAB00x0y2 +2pAB00x0y3 +3pAB00x1y0 +2pAB00x1y1 +2pAB00x1y2 +pAB00x1y3 +pAB00x2y0 +pAB00x2y1 -pAB00x2y2 +pAB00x2y3 +2pAB00x3y1 -pAB00x3y2 -2pAB00x3y3 <= 0
-pA0x0 -pA0x1 -pA0x2 -pB0y1 -pB0y2 -pB0y3 -pAB00x0y0 +pAB00x0y2 +2pAB00x0y3 +pAB00x1y0 +pAB00x1y2 +pAB00x2y0 +pAB00x2y1 -pAB00x2y2 +pAB00x2y3 -pAB00x3y0 +pAB00x3y1 +pAB00x3y2 -pAB00x3y3 <= 0
-2pA0x0 -4pA0x1 -pA0x2 -pB0y0 -2pB0y1 -pB0y3 -3pAB00x0y0 +2pAB00x0y1 +2pAB00x0y2 +pAB00x0y3 +3pAB00x1y0 +pAB00x1y1 +2pAB00x1y2 +pAB00x1y3 +pAB00x2y0 +pAB00x2y1 -2pAB00x2y2 +2pAB00x2y3 +pAB00x3y0 +pAB00x3y1 -pAB00x3y2 -2pAB00x3y3 <= 0
-3pA0x0 -2pA0x1 +pA0x2 +pB0y0 -pB0y2 -2pB0y3 +2pAB00x0y1 +pAB00x0y2 +2pAB00x0y3 +pAB00x1y0 -pAB00x1y1 +2pAB00x1y2 +pAB00x1y3 -pAB00x2y0 -pAB00x2y1 -pAB00x2y2 +2pAB00x2y3 -pAB00x3y0 +pAB00x3y1 +pAB00x3y2 -pAB00x3y3 <= 1
-3pA0x0 -2pA0x1 +2pA0x2 +2pB0y0 -pB0y2 -2pB0y3 +2pAB00x0y1 +pAB00x0y2 +2pAB00x0y3 +pAB00x1y0 -pAB00x1y1 +2pAB00x1y2 +pAB00x1y3 -2pAB00x2y0 -pAB00x2y1 -pAB00x2y2 +2pAB00x2y3 -2pAB00x3y0 +pAB00x3y1 +2pAB00x3y2 -2pAB00x3y3 <= 2
-2pA0x0 -4pA0x1 -pA0x2 -pB0y0 -pB0y2 -pB0y3 -2pAB00x0y0 +pAB00x0y1 +2pAB00x0y2 +pAB00x0y3 +2pAB00x1y0 +pAB00x1y1 +2pAB00x1y2 +pAB00x1y3 +pAB00x2y0 +pAB00x2y1 -pAB00x2y2 +pAB00x2y3 +pAB00x3y0 -pAB00x3y1 +pAB00x3y2 -pAB00x3y3 <= 0
-2pA0x0 -pA0x1 +2pA0x2 +2pB0y0 -pB0y2 -pB0y3 -pAB00x0y0 +2pAB00x0y1 +pAB00x0y2 +pAB00x0y3 -pAB00x1y1 +2pAB00x1y2 +pAB00x1y3 -2pAB00x2y0 -pAB00x2y1 -pAB00x2y2 +pAB00x2y3 -pAB00x3y0 +pAB00x3y1 +pAB00x3y2 -2pAB00x3y3 <= 2
-3pA0x0 -pA0x1 +pA0x2 +pB0y0 -2pB0y2 -pB0y3 +2pAB00x0y1 +pAB00x0y2 +2pAB00x0y3 +pAB00x1y0 -pAB00x1y1 +2pAB00x1y2 -pAB00x2y0 -pAB00x2y1 +pAB00x2y3 -pAB00x3y0 +pAB00x3y1 +pAB00x3y2 -pAB00x3y3 <= 1
-2pA0x0 -5pA0x1 -pA0x2 +pA0x3 -3pB0y1 +pB0y2 -pB0y3 -4pAB00x0y0 +3pAB00x0y1 +3pAB00x0y3 +3pAB00x1y0 +2pAB00x1y1 +2pAB00x1y2 +pAB00x1y3 +2pAB00x2y0 +pAB00x2y1 -2pAB00x2y2 +pAB00x2y3 -pAB00x3y0 +2pAB00x3y1 -pAB00x3y2 -3pAB00x3y3 <= 1
-2pA0x0 -4pA0x1 +pA0x3 -3pB0y1 +pB0y2 -pB0y3 -3pAB00x0y0 +2pAB00x0y1 +3pAB00x0y3 +2pAB00x1y0 +2pAB00x1y1 +2pAB00x1y2 +pAB00x1y3 +pAB00x2y0 +pAB00x2y1 -2pAB00x2y2 +pAB00x2y3 -pAB00x3y0 +2pAB00x3y1 -pAB00x3y2 -3pAB00x3y3 <= 1
-2pA0x0 -4pA0x1 +pA0x3 -3pB0y1 +pB0y2 -pB0y3 -3pAB00x0y0 +2pAB00x0y1 +pAB00x0y2 +2pAB00x0y3 +2pAB00x1y0 +2pAB00x1y1 +2pAB00x1y2 +pAB00x1y3 +pAB00x2y0 +pAB00x2y1 -2pAB00x2y2 +pAB00x2y3 -pAB00x3y0 +2pAB00x3y1 -pAB00x3y2 -2pAB00x3y3 <= 1
-2pA0x0 -4pA0x1 -pA0x3 -2pB0y1 -2pB0y3 -2pAB00x0y0 +pAB00x0y1 +2pAB00x0y2 +2pAB00x0y3 +2pAB00x1y0 +pAB00x1y1 +pAB00x1y2 +3pAB00x1y3 -pAB00x2y0 +pAB00x2y1 -3pAB00x2y2 +2pAB00x2y3 +pAB00x3y0 +2pAB00x3y1 -2pAB00x3y3 <= 0
-2pA0x0 -3pA0x1 +pA0x3 -pB0y0 -2pB0y1 +pB0y2 -2pAB00x0y0 +2pAB00x0y1 +pAB00x0y2 +pAB00x0y3 +2pAB00x1y0 +pAB00x1y1 +2pAB00x1y2 +pAB00x2y0 +pAB00x2y1 -2pAB00x2y2 +pAB00x2y3 +pAB00x3y1 -pAB00x3y2 -2pAB00x3y3 <= 1
-2pA0x0 -2pA0x1 +pA0x3 -2pB0y1 +pB0y2 -2pAB00x0y0 +2pAB00x0y1 +2pAB00x0y3 +pAB00x1y0 +pAB00x1y1 +pAB00x1y2 +pAB00x2y0 +pAB00x2y1 -pAB00x2y2 -pAB00x3y0 +pAB00x3y1 -pAB00x3y2 -2pAB00x3y3 <= 1
-2pA0x0 -4pA0x1 +pA0x2 +pB0y0 -pB0y2 -2pB0y3 -3pAB00x0y0 +pAB00x0y1 +2pAB00x0y2 +2pAB00x0y3 +2pAB00x1y0 +pAB00x1y1 +2pAB00x1y2 +2pAB00x1y3 -pAB00x2y0 -2pAB00x2y1 -pAB00x2y2 +2pAB00x2y3 -pAB00x3y0 -pAB00x3y1 +2pAB00x3y2 -2pAB00x3y3 <= 1
-pA0x0 -2pA0x1 -pA0x2 -2pB0y0 -pB0y2 -2pB0y3 -pAB00x0y0 -pAB00x0y1 +2pAB00x0y2 +2pAB00x0y3 +2pAB00x1y0 +pAB00x1y1 +2pAB00x1y2 -pAB00x1y3 +pAB00x2y0 +pAB00x2y1 -pAB00x2y2 +2pAB00x2y3 +2pAB00x3y0 -2pAB00x3y1 -pAB00x3y2 <= 0
-2pA0x0 -3pA0x1 -pA0x2 -pA0x3 -2pB0y0 -pB0y1 -2pB0y3 -pAB00x0y0 +pAB00x0y1 +2pAB00x0y2 +pAB00x0y3 +3pAB00x1y0 -pAB00x1y1 +2pAB00x1y2 +2pAB00x1y3 +pAB00x2y1 -2pAB00x2y2 +3pAB00x2y3 +2pAB00x3y0 +2pAB00x3y1 -pAB00x3y2 -2pAB00x3y3 <= 0
-2pA0x0 -3pA0x1 -pA0x2 -2pB0y0 -pB0y1 -pB0y3 -2pAB00x0y0 +pAB00x0y1 +2pAB00x0y2 +pAB00x0y3 +3pAB00x1y0 +2pAB00x1y2 +pAB00x1y3 +pAB00x2y0 +pAB00x2y1 -2pAB00x2y2 +2pAB00x2y3 +pAB00x3y0 +pAB00x3y1 -pAB00x3y2 -2pAB00x3y3 <= 0
-2pA0x0 -3pA0x1 -pA0x2 -pB0y0 -2pB0y1 -pB0y3 -2pAB00x0y0 +pAB00x0y1 +pAB00x0y2 +2pAB00x0y3 +2pAB00x1y0 +pAB00x1y1 +2pAB00x1y2 +pAB00x1y3 +pAB00x2y0 +pAB00x2y1 -2pAB00x2y2 +2pAB00x2y3 -pAB00x3y0 +2pAB00x3y1 -2pAB00x3y3 <= 0
-5pA0x0 -6pA0x1 -2pA0x3 -pB0y0 -6pB0y1 -pB0y3 -3pAB00x0y0 +4pAB00x0y1 +2pAB00x0y2 +4pAB00x0y3 +5pAB00x1y0 +3pAB00x1y1 +2pAB00x1y2 +pAB00x1y3 +pAB00x2y0 +3pAB00x2y1 -4pAB00x2y2 +pAB00x2y3 -2pAB00x3y0 +5pAB00x3y1 +2pAB00x3y2 -3pAB00x3y3 <= 0
-4pA0x0 -2pA0x1 +2pA0x2 +2pB0y0 -2pB0y2 -2pB0y3 -pAB00x0y0 +3pAB00x0y1 +2pAB00x0y2 +3pAB00x0y3 +pAB00x1y0 -pAB00x1y1 +2pAB00x1y2 +pAB00x1y3 -2pAB00x2y0 -2pAB00x2y1 +2pAB00x2y3 -pAB00x3y0 +pAB00x3y1 +2pAB00x3y2 -3pAB00x3y3 <= 2
-pA0x0 -pA0x1 -pA0x2 -pB0y0 -pB0y1 -pB0y2 -pAB00x0y0 +pAB00x0y1 +pAB00x0y2 +pAB00x1y0 +2pAB00x1y2 -pAB00x1y3 +pAB00x2y0 +pAB00x2y1 +pAB00x2y3 +pAB00x3y0 -pAB00x3y2 -pAB00x3y3 <= 0
-pA0x0 -pA0x1 -pA0x2 -pB0y0 -pB0y1 -pB0y2 -pAB00x0y0 +pAB00x0y1 +pAB00x0y2 +pAB00x0y3 +pAB00x1y0 -pAB00x1y1 +2pAB00x1y2 -pAB00x1y3 +pAB00x2y0 +2pAB00x2y1 -pAB00x2y3 +pAB00x3y0 -pAB00x3y1 -pAB00x3y2 <= 0
-4pA0x0 -2pA0x1 -pA0x2 -pA0x3 -pB0y0 -pB0y1 -2pB0y3 -2pAB00x0y0 +2pAB00x0y1 +2pAB00x0y2 +3pAB00x0y3 +pAB00x1y0 -pAB00x1y1 +2pAB00x1y2 +pAB00x1y3 +pAB00x2y0 -2pAB00x2y2 +3pAB00x2y3 +pAB00x3y0 +2pAB00x3y1 -pAB00x3y3 <= 0
-2pA0x0 -3pA0x1 +2pA0x2 -pB0y0 +2pB0y2 -2pB0y3 -pAB00x0y0 +pAB00x0y1 +pAB00x0y2 +2pAB00x0y3 +3pAB00x1y0 -pAB00x1y1 +pAB00x1y2 +2pAB00x1y3 -pAB00x2y0 -pAB00x2y1 -3pAB00x2y2 +2pAB00x2y3 +2pAB00x3y0 +pAB00x3y1 -2pAB00x3y2 -2pAB00x3y3 <= 2
-2pA0x0 -3pA0x1 +2pA0x2 -pB0y1 +2pB0y2 -2pB0y3 -2pAB00x0y0 +2pAB00x0y1 +pAB00x0y2 +2pAB00x0y3 +2pAB00x1y0 +pAB00x1y2 +2pAB00x1y3 -pAB00x2y0 -pAB00x2y1 -3pAB00x2y2 +2pAB00x2y3 +pAB00x3y0 +2pAB00x3y1 -2pAB00x3y2 -2pAB00x3y3 <= 2
-2pA0x0 -3pA0x1 +2pA0x2 +2pB0y1 -pB0y2 -pB0y3 -2pAB00x0y0 +pAB00x0y1 +2pAB00x0y2 +pAB00x0y3 +2pAB00x1y0 -pAB00x1y1 +2pAB00x1y2 +2pAB00x1y3 -pAB00x2y0 -2pAB00x2y1 -pAB00x2y2 +pAB00x2y3 +pAB00x3y0 -pAB00x3y1 +pAB00x3y2 -2pAB00x3y3 <= 2
-3pA0x0 -2pA0x1 -pA0x2 -2pA0x3 -pB0y0 -2pB0y1 -pB0y3 -2pAB00x0y0 +2pAB00x0y1 +pAB00x0y2 +2pAB00x0y3 +pAB00x1y0 -pAB00x1y1 +2pAB00x1y2 +pAB00x1y3 +pAB00x2y0 +pAB00x2y1 -2pAB00x2y2 +2pAB00x2y3 +pAB00x3y0 +3pAB00x3y1 +pAB00x3y2 -pAB00x3y3 <= 0
-2pA0x0 -2pA0x1 -2pA0x2 -pB0y0 -pB0y1 -2pB0y3 -pAB00x0y0 +pAB00x0y1 +2pAB00x0y2 +pAB00x0y3 +pAB00x1y0 -pAB00x1y1 +2pAB00x1y2 +pAB00x1y3 +pAB00x2y0 +pAB00x2y1 -2pAB00x2y2 +4pAB00x2y3 +pAB00x3y0 +pAB00x3y1 -pAB00x3y2 -2pAB00x3y3 <= 0
-2pA0x0 -6pA0x1 -pA0x3 -pB0y0 -3pB0y1 -pB0y3 -4pAB00x0y0 +3pAB00x0y1 +2pAB00x0y2 +pAB00x0y3 +4pAB00x1y0 +2pAB00x1y1 +3pAB00x1y2 +pAB00x1y3 +pAB00x2y0 +pAB00x2y1 -2pAB00x2y2 +pAB00x2y3 +pAB00x3y0 +2pAB00x3y1 -pAB00x3y2 -pAB00x3y3 <= 0
-2pA0x0 -5pA0x1 -2pB0y0 -2pB0y1 -pB0y3 -3pAB00x0y0 +2pAB00x0y1 +2pAB00x0y2 +pAB00x0y3 +4pAB00x1y0 +pAB00x1y1 +3pAB00x1y2 +pAB00x1y3 +pAB00x2y0 +pAB00x2y1 -2pAB00x2y2 +pAB00x2y3 +pAB00x3y0 +pAB00x3y1 -pAB00x3y2 -pAB00x3y3 <= 0
-2pA0x0 -4pA0x1 -pA0x3 -pB0y0 -2pB0y1 -pB0y3 -2pAB00x0y0 +pAB00x0y1 +pAB00x0y2 +2pAB00x0y3 +3pAB00x1y0 +pAB00x1y1 +2pAB00x1y2 +pAB00x1y3 +pAB00x2y0 +pAB00x2y1 -2pAB00x2y2 +pAB00x2y3 -pAB00x3y0 +2pAB00x3y1 +pAB00x3y2 -pAB00x3y3 <= 0
-2pA0x0 -2pA0x1 -pA0x2 -pB0y2 -pB0y3 -pAB00x0y0 +pAB00x0y1 +2pAB00x0y2 +pAB00x0y3 +pAB00x1y0 -pAB00x1y1 +pAB00x1y2 +2pAB00x1y3 +pAB00x2y1 -pAB00x2y2 +pAB00x2y3 -pAB00x3y1 +pAB00x3y2 -pAB00x3y3 <= 0
-2pA0x0 -5pA0x1 -pA0x2 -pA0x3 -pB0y0 -3pB0y1 -2pB0y3 -3pAB00x0y0 +pAB00x0y1 +pAB00x0y2 +3pAB00x0y3 +3pAB00x1y0 +pAB00x1y1 +3pAB00x1y2 +2pAB00x1y3 +2pAB00x2y0 +2pAB00x2y1 -3pAB00x2y2 +2pAB00x2y3 -pAB00x3y0 +3pAB00x3y1 +pAB00x3y2 -2pAB00x3y3 <= 0
-2pA0x0 -2pA0x1 +pA0x2 -pB0y0 +pB0y2 -2pB0y3 -pAB00x0y0 +pAB00x0y1 +pAB00x0y2 +2pAB00x0y3 +2pAB00x1y0 -pAB00x1y1 +pAB00x1y2 +pAB00x1y3 -pAB00x2y1 -2pAB00x2y2 +2pAB00x2y3 +pAB00x3y0 +pAB00x3y1 -pAB00x3y2 -pAB00x3y3 <= 1
-pA0x0 -2pA0x1 -pA0x2 -pA0x3 -2pB0y0 -pB0y3 -pAB00x0y0 +pAB00x0y2 +pAB00x0y3 +3pAB00x1y0 -pAB00x1y1 +pAB00x1y2 +pAB00x1y3 +pAB00x2y0 +pAB00x2y1 -pAB00x2y2 +pAB00x2y3 +pAB00x3y0 +pAB00x3y1 -pAB00x3y3 <= 0
-pA0x0 -pA0x1 +pA0x3 -pB0y0 +pB0y1 -2pB0y2 -pAB00x0y0 +pAB00x0y2 +pAB00x0y3 +pAB00x1y0 +pAB00x1y1 +2pAB00x1y2 -pAB00x1y3 +pAB00x2y0 -2pAB00x2y1 +pAB00x2y2 +pAB00x2y3 -pAB00x3y1 -pAB00x3y2 -pAB00x3y3 <= 1
-4pA0x0 -2pA0x1 +pA0x2 +pB0y0 -3pB0y2 -2pB0y3 -pAB00x0y0 +3pAB00x0y1 +2pAB00x0y2 +3pAB00x0y3 +2pAB00x1y0 -pAB00x1y1 +2pAB00x1y2 +pAB00x1y3 -2pAB00x2y0 -2pAB00x2y1 +pAB00x2y2 +2pAB00x2y3 -pAB00x3y0 +pAB00x3y1 +2pAB00x3y2 -3pAB00x3y3 <= 1
-4pA0x0 -4pA0x1 -pA0x3 -4pB0y1 -pB0y3 -2pAB00x0y0 +3pAB00x0y1 +2pAB00x0y2 +3pAB00x0y3 +3pAB00x1y0 +2pAB00x1y1 +pAB00x1y2 +pAB00x1y3 +2pAB00x2y1 -3pAB00x2y2 +pAB00x2y3 -pAB00x3y0 +3pAB00x3y1 +pAB00x3y2 -2pAB00x3y3 <= 0
-4pA0x0 -4pA0x1 -pA0x3 -3pB0y1 -2pB0y3 -3pAB00x0y0 +3pAB00x0y1 +3pAB00x0y2 +3pAB00x0y3 +3pAB00x1y0 +pAB00x1y1 +pAB00x1y2 +2pAB00x1y3 -pAB00x2y0 +pAB00x2y1 -3pAB00x2y2 +2pAB00x2y3 +pAB00x3y0 +3pAB00x3y1 -pAB00x3y2 -2pAB00x3y3 <= 0
-3pA0x0 -4pA0x1 -pA0x2 -pB0y0 -3pB0y1 -pB0y3 -2pAB00x0y0 +3pAB00x0y1 +2pAB00x0y2 +2pAB00x0y3 +3pAB00x1y0 +pAB00x1y1 +2pAB00x1y2 +pAB00x1y3 +pAB00x2y0 +pAB00x2y1 -3pAB00x2y2 +2pAB00x2y3 +pAB00x3y0 +2pAB00x3y1 -pAB00x3y2 -2pAB00x3y3 <= 0
-3pA0x0 -2pA0x1 -pA0x3 -pB0y0 -2pB0y1 -pB0y3 -2pAB00x0y0 +2pAB00x0y1 +2pAB00x0y2 +2pAB00x0y3 +2pAB00x1y0 +pAB00x1y2 +pAB00x1y3 +pAB00x2y1 -2pAB00x2y2 +pAB00x2y3 +pAB00x3y0 +2pAB00x3y1 -pAB00x3y3 <= 0
-pA0x0 -5pA0x1 -2pA0x2 -3pB0y1 -2pB0y3 -3pAB00x0y0 +pAB00x0y1 +pAB00x0y2 +2pAB00x0y3 +2pAB00x1y0 +2pAB00x1y1 +3pAB00x1y2 +2pAB00x1y3 +pAB00x2y0 +2pAB00x2y1 -3pAB00x2y2 +3pAB00x2y3 -pAB00x3y0 +3pAB00x3y1 -pAB00x3y2 -3pAB00x3y3 <= 0
-2pA0x0 -4pA0x1 -pA0x2 -pB0y0 -2pB0y1 -pB0y3 -2pAB00x0y0 +2pAB00x0y1 +2pAB00x0y2 +pAB00x0y3 +3pAB00x1y0 +pAB00x1y1 +2pAB00x1y2 +pAB00x1y3 +pAB00x2y0 +pAB00x2y1 -3pAB00x2y2 +2pAB00x2y3 +pAB00x3y0 +pAB00x3y1 -pAB00x3y2 -2pAB00x3y3 <= 0
-pA0x0 -4pA0x1 -2pA0x2 -pB0y0 -2pB0y1 -pB0y3 -2pAB00x0y0 +pAB00x0y1 +pAB00x0y2 +pAB00x0y3 +2pAB00x1y0 +pAB00x1y1 +2pAB00x1y2 +2pAB00x1y3 +pAB00x2y0 +pAB00x2y1 -2pAB00x2y2 +3pAB00x2y3 +pAB00x3y0 +2pAB00x3y1 -pAB00x3y2 -3pAB00x3y3 <= 0
-2pA0x0 -5pA0x1 -2pB0y0 -2pB0y1 -2pB0y3 -3pAB00x0y0 +2pAB00x0y1 +2pAB00x0y2 +pAB00x0y3 +4pAB00x1y0 +pAB00x1y1 +3pAB00x1y2 +2pAB00x1y3 +pAB00x2y0 +pAB00x2y1 -3pAB00x2y2 +2pAB00x2y3 +pAB00x3y0 +pAB00x3y1 -pAB00x3y2 -2pAB00x3y3 <= 0
-2pA0x0 -4pA0x1 +pA0x3 -3pB0y1 +pB0y2 -2pB0y3 -3pAB00x0y0 +2pAB00x0y1 +3pAB00x0y3 +2pAB00x1y0 +2pAB00x1y1 +2pAB00x1y2 +2pAB00x1y3 +pAB00x2y0 +pAB00x2y1 -3pAB00x2y2 +2pAB00x2y3 -pAB00x3y0 +2pAB00x3y1 -pAB00x3y2 -3pAB00x3y3 <= 1
-pA0x0 -6pA0x1 -pA0x2 -pA0x3 +pB0y0 -3pB0y1 -2pB0y3 -3pAB00x0y0 +pAB00x0y2 +3pAB00x0y3 +3pAB00x1y0 +pAB00x1y1 +3pAB00x1y2 +2pAB00x1y3 +pAB00x2y0 +3pAB00x2y1 -3pAB00x2y2 +2pAB00x2y3 -2pAB00x3y0 +3pAB00x3y1 +2pAB00x3y2 -2pAB00x3y3 <= 1
-pA0x0 -4pA0x1 +pA0x3 -2pB0y1 +pB0y2 -2pB0y3 -3pAB00x0y0 +pAB00x0y1 +pAB00x0y2 +2pAB00x0y3 +2pAB00x1y0 +2pAB00x1y1 +2pAB00x1y2 +pAB00x1y3 +pAB00x2y0 +pAB00x2y1 -3pAB00x2y2 +2pAB00x2y3 -pAB00x3y0 +pAB00x3y1 -pAB00x3y2 -2pAB00x3y3 <= 1
-pA0x0 -3pA0x1 -pA0x2 -pB0y0 -3pB0y1 -pB0y3 -2pAB00x0y0 +2pAB00x0y1 +pAB00x0y2 +pAB00x0y3 +2pAB00x1y0 +pAB00x1y1 +2pAB00x1y2 +pAB00x1y3 +pAB00x2y0 +pAB00x2y1 -2pAB00x2y2 +2pAB00x2y3 +pAB00x3y0 +2pAB00x3y1 -pAB00x3y2 -2pAB00x3y3 <= 0
-pA0x0 -3pA0x1 -pA0x2 -pB0y0 -2pB0y1 -pB0y3 -2pAB00x0y0 +pAB00x0y1 +pAB00x0y2 +pAB00x0y3 +2pAB00x1y0 +pAB00x1y1 +2pAB00x1y2 +pAB00x1y3 +pAB00x2y0 +pAB00x2y1 -2pAB00x2y2 +2pAB00x2y3 +pAB00x3y0 +pAB00x3y1 -pAB00x3y2 -2pAB00x3y3 <= 0
-6pA0x0 -2pA0x1 +pA0x2 +pB0y0 -3pB0y2 -4pB0y3 +2pAB00x0y0 +4pAB00x0y1 +2pAB00x0y2 +3pAB00x0y3 +2pAB00x1y0 -3pAB00x1y1 +3pAB00x1y2 +2pAB00x1y3 -3pAB00x2y0 -pAB00x2y1 -pAB00x2y2 +4pAB00x2y3 -3pAB00x3y0 +pAB00x3y1 +3pAB00x3y2 -2pAB00x3y3 <= 1
-3pA0x0 -2pA0x1 -2pA0x2 -pA0x3 -2pB0y0 -pB0y1 -pB0y3 +2pAB00x0y1 +2pAB00x0y2 +pAB00x0y3 +2pAB00x1y0 -2pAB00x1y1 +2pAB00x1y2 +pAB00x1y3 +pAB00x2y0 +pAB00x2y1 -2pAB00x2y2 +3pAB00x2y3 +2pAB00x3y0 +2pAB00x3y1 -pAB00x3y2 -2pAB00x3y3 <= 0
-6pA0x0 -pA0x1 +pA0x2 +pB0y0 -2pB0y2 -3pB0y3 +pAB00x0y0 +3pAB00x0y1 +3pAB00x0y2 +4pAB00x0y3 +pAB00x1y0 -3pAB00x1y1 +2pAB00x1y2 +pAB00x1y3 -3pAB00x2y0 -pAB00x2y1 -pAB00x2y2 +3pAB00x2y3 -2pAB00x3y0 +pAB00x3y1 +2pAB00x3y2 -3pAB00x3y3 <= 1
-3pA0x0 -2pA0x1 -pA0x2 -2pA0x3 -pB0y0 -pB0y1 -2pB0y3 -pAB00x0y0 +2pAB00x0y1 +2pAB00x0y2 +2pAB00x0y3 +pAB00x1y0 -pAB00x1y1 +2pAB00x1y2 +pAB00x1y3 +pAB00x2y0 -2pAB00x2y2 +3pAB00x2y3 +2pAB00x3y0 +2pAB00x3y1 -2pAB00x3y3 <= 0
-4pA0x0 -6pA0x1 -pA0x3 -pB0y0 -3pB0y1 -3pB0y3 -3pAB00x0y0 +3pAB00x0y1 +4pAB00x0y2 +2pAB00x0y3 +5pAB00x1y0 +pAB00x1y1 +2pAB00x1y2 +3pAB00x1y3 -pAB00x2y0 +2pAB00x2y1 -4pAB00x2y2 +3pAB00x2y3 +2pAB00x3y0 +2pAB00x3y1 -pAB00x3y2 -3pAB00x3y3 <= 0
-2pA0x0 -4pA0x1 -pB0y0 -2pB0y1 -2pB0y3 -2pAB00x0y0 +2pAB00x0y1 +2pAB00x0y2 +pAB00x0y3 +4pAB00x1y0 +pAB00x1y1 +pAB00x1y2 +2pAB00x1y3 -pAB00x2y0 +pAB00x2y1 -2pAB00x2y2 +2pAB00x2y3 +pAB00x3y0 +pAB00x3y1 -pAB00x3y2 -2pAB00x3y3 <= 0
-5pA0x0 -2pA0x1 +3pA0x2 +pA0x3 +3pB0y0 +pB0y1 -2pB0y2 -pB0y3 -pAB00x0y0 +3pAB00x0y1 +2pAB00x0y2 +3pAB00x0y3 +pAB00x1y0 -3pAB00x1y1 +4pAB00x1y2 +pAB00x1y3 -3pAB00x2y0 -3pAB00x2y1 -2pAB00x2y2 +2pAB00x2y3 -3pAB00x3y0 +2pAB00x3y1 +2pAB00x3y2 -2pAB00x3y3 <= 4
-5pA0x0 -3pA0x1 -2pA0x2 -2pA0x3 -3pB0y0 -pB0y1 -2pB0y3 -pAB00x0y0 +3pAB00x0y1 +3pAB00x0y2 +2pAB00x0y3 +3pAB00x1y0 -2pAB00x1y1 +3pAB00x1y2 +2pAB00x1y3 +pAB00x2y0 +pAB00x2y1 -4pAB00x2y2 +4pAB00x2y3 +3pAB00x3y0 +3pAB00x3y1 -pAB00x3y2 -2pAB00x3y3 <= 0
-4pA0x0 -4pA0x1 -2pA0x2 -pA0x3 -2pB0y0 -pB0y1 -2pB0y3 -pAB00x0y0 +2pAB00x0y1 +3pAB00x0y2 +2pAB00x0y3 +3pAB00x1y0 -pAB00x1y1 +3pAB00x1y2 +2pAB00x1y3 +pAB00x2y0 +pAB00x2y1 -4pAB00x2y2 +4pAB00x2y3 +2pAB00x3y0 +2pAB00x3y1 -pAB00x3y2 -2pAB00x3y3 <= 0
-4pA0x0 -3pA0x1 -3pA0x2 -2pA0x3 -3pB0y0 -pB0y1 -2pB0y3 -pAB00x0y0 +2pAB00x0y1 +3pAB00x0y2 +2pAB00x0y3 +3pAB00x1y0 -2pAB00x1y1 +3pAB00x1y2 +pAB00x1y3 +2pAB00x2y0 +pAB00x2y1 -3pAB00x2y2 +5pAB00x2y3 +3pAB00x3y0 +3pAB00x3y1 -pAB00x3y2 -3pAB00x3y3 <= 0
-4pA0x0 -3pA0x1 -pA0x2 -pA0x3 -2pB0y0 -pB0y1 -2pB0y3 -pAB00x0y0 +2pAB00x0y1 +3pAB00x0y2 +2pAB00x0y3 +3pAB00x1y0 -pAB00x1y1 +2pAB00x1y2 +2pAB00x1y3 +pAB00x2y1 -3pAB00x2y2 +3pAB00x2y3 +2pAB00x3y0 +2pAB00x3y1 -pAB00x3y2 -2pAB00x3y3 <= 0
-pA0x0 -2pA0x1 -pA0x2 -pA0x3 -pB0y1 -pB0y3 -pAB00x0y0 +pAB00x0y1 +pAB00x0y2 +pAB00x1y0 +pAB00x1y2 +pAB00x1y3 +pAB00x2y1 -pAB00x2y2 +2pAB00x2y3 +pAB00x3y0 +pAB00x3y1 -pAB00x3y3 <= 0
-3pA0x0 -8pA0x1 -2pA0x3 -6pB0y1 -pB0y2 -3pB0y3 -4pAB00x0y0 +2pAB00x0y1 +4pAB00x0y2 +3pAB00x0y3 +6pAB00x1y0 +2pAB00x1y1 +2pAB00x1y2 +4pAB00x1y3 -2pAB00x2y0 +4pAB00x2y1 -3pAB00x2y2 +3pAB00x2y3 +2pAB00x3y0 +4pAB00x3y1 +pAB00x3y2 -5pAB00x3y3 <= 0
-4pA0x0 -5pA0x1 -pA0x2 -pA0x3 -2pB0y0 -3pB0y3 -pAB00x0y0 +2pAB00x0y1 +2pAB00x0y2 +3pAB00x0y3 +3pAB00x1y0 -pAB00x1y1 +4pAB00x1y2 +2pAB00x1y3 +2pAB00x2y0 -pAB00x2y1 -4pAB00x2y2 +4pAB00x2y3 +2pAB00x3y0 +pAB00x3y1 -pAB00x3y2 -pAB00x3y3 <= 0
-2pA0x0 -7pA0x1 -2pA0x3 -5pB0y1 -pB0y2 -2pB0y3 -3pAB00x0y0 +pAB00x0y1 +3pAB00x0y2 +2pAB00x0y3 +5pAB00x1y0 +2pAB00x1y1 +2pAB00x1y2 +3pAB00x1y3 -2pAB00x2y0 +4pAB00x2y1 -2pAB00x2y2 +2pAB00x2y3 +2pAB00x3y0 +3pAB00x3y1 +pAB00x3y2 -4pAB00x3y3 <= 0
-2pA0x0 -6pA0x1 -pA0x3 -5pB0y1 -pB0y2 -2pB0y3 -3pAB00x0y0 +pAB00x0y1 +3pAB00x0y2 +2pAB00x0y3 +4pAB00x1y0 +2pAB00x1y1 +2pAB00x1y2 +3pAB00x1y3 -pAB00x2y0 +3pAB00x2y1 -2pAB00x2y2 +2pAB00x2y3 +pAB00x3y0 +3pAB00x3y1 +pAB00x3y2 -4pAB00x3y3 <= 0
-4pA0x0 -5pA0x1 -pA0x2 -pA0x3 -3pB0y1 -2pB0y3 -2pAB00x0y0 +2pAB00x0y1 +2pAB00x0y2 +4pAB00x0y3 +3pAB00x1y0 +pAB00x1y1 +2pAB00x1y2 +2pAB00x1y3 +pAB00x2y0 +2pAB00x2y1 -4pAB00x2y2 +2pAB00x2y3 -pAB00x3y0 +3pAB00x3y1 +pAB00x3y2 -2pAB00x3y3 <= 0
-3pA0x0 -pA0x1 +pA0x3 -pB0y1 +pAB00x0y0 +2pAB00x0y1 +pAB00x0y2 +pAB00x0y3 +pAB00x1y0 -pAB00x1y1 +pAB00x1y2 -pAB00x2y2 +pAB00x2y3 -pAB00x3y0 +pAB00x3y1 -pAB00x3y3 <= 1
-4pA0x0 -4pA0x1 +pA0x2 +pA0x3 +2pB0y0 -pB0y2 -3pB0y3 +2pAB00x0y1 +2pAB00x0y2 +2pAB00x0y3 +2pAB00x1y0 -pAB00x1y1 +3pAB00x1y2 +2pAB00x1y3 -2pAB00x2y0 -pAB00x2y1 -2pAB00x2y2 +4pAB00x2y3 -2pAB00x3y0 +pAB00x3y1 +pAB00x3y2 -pAB00x3y3 <= 2
